index

0) [['A'], ['B'], ['C']]
1) [['AAA'], ['\ue009'], ['C']]
2) [['AAA'], ['\ue009', 'B'], ['C']]
3) [['\ue009', 'A'], ['\ue00a', 'B']]
4) [['\ue009', '\ue00a', 'b']]
